
> jambabot@1.0.0 test C:\Users\tcorreia\my-jambabot
> npm run lint


> jambabot@1.0.0 lint C:\Users\tcorreia\my-jambabot
> node node_modules/eslint/bin/eslint.js *.js commands/**/*.js integrations/**/*.js


C:\Users\tcorreia\my-jambabot\cardapio.js
  5:27  error  Unable to resolve path to module './variables'  import/no-unresolved

C:\Users\tcorreia\my-jambabot\countdown.js
  4:27  error  Unable to resolve path to module './variables'  import/no-unresolved

C:\Users\tcorreia\my-jambabot\jambabot.js
    5:27  error  Unable to resolve path to module './variables'                import/no-unresolved
  107:11  error  Expected exception block, space or tab after '//' in comment  spaced-comment

C:\Users\tcorreia\my-jambabot\commands\pedeAe.js
  7:5  error  Expected exception block, space or tab after '//' in comment  spaced-comment

C:\Users\tcorreia\my-jambabot\integrations\googleImages.js
  1:27  error  Unable to resolve path to module '../variables'  import/no-unresolved

C:\Users\tcorreia\my-jambabot\integrations\ifood\Gruntfile.js
  19:9  error  Expected exception block, space or tab after '//' in comment  spaced-comment

C:\Users\tcorreia\my-jambabot\integrations\ifood\index.js
   4:1  error  Expected exception block, space or tab after '//' in comment  spaced-comment
   5:1  error  More than 2 blank lines not allowed                           no-multiple-empty-lines
  31:7  error  Expected exception block, space or tab after '//' in comment  spaced-comment

C:\Users\tcorreia\my-jambabot\integrations\ifood\runner.js
    9:1    error    'use strict' is unnecessary inside of modules                                                                                                                          strict
   11:1    error    Unexpected var, use let or const instead                                                                                                                               no-var
   12:1    error    Unexpected var, use let or const instead                                                                                                                               no-var
   13:1    error    Unexpected var, use let or const instead                                                                                                                               no-var
   14:1    error    Unexpected var, use let or const instead                                                                                                                               no-var
   14:13   error    'split' should be listed in the project's dependencies. Run 'npm i -S split' to add it                                                                                 import/no-extraneous-dependencies
   15:1    error    Unexpected var, use let or const instead                                                                                                                               no-var
   15:16   error    'through2' should be listed in the project's dependencies. Run 'npm i -S through2' to add it                                                                           import/no-extraneous-dependencies
   17:18   warning  Unexpected unnamed function                                                                                                                                            func-names
   17:26   error    Missing space before function parentheses                                                                                                                              space-before-function-paren
   17:34   error    Block must not be padded by blank lines                                                                                                                                padded-blocks
   19:76   warning  Unexpected unnamed function                                                                                                                                            func-names
   19:84   error    Missing space before function parentheses                                                                                                                              space-before-function-paren
   19:87   error    Block must not be padded by blank lines                                                                                                                                padded-blocks
   21:5    error    Unexpected var, use let or const instead                                                                                                                               no-var
   22:5    error    Unexpected var, use let or const instead                                                                                                                               no-var
   23:5    error    Unexpected var, use let or const instead                                                                                                                               no-var
   26:5    error    Unexpected var, use let or const instead                                                                                                                               no-var
   42:27   error    Unexpected string concatenation                                                                                                                                        prefer-template
   42:27   error    Strings must use singlequote                                                                                                                                           quotes
   44:5    error    Unexpected var, use let or const instead                                                                                                                               no-var
   44:5    error    All 'var' declarations must be at the top of the function scope                                                                                                        vars-on-top
   44:26   error    ["keepAlive"] is better written in dot notation                                                                                                                        dot-notation
   45:5    error    Unexpected var, use let or const instead                                                                                                                               no-var
   45:5    error    All 'var' declarations must be at the top of the function scope                                                                                                        vars-on-top
   45:20   error    Strings must use singlequote                                                                                                                                           quotes
   45:39   error    Strings must use singlequote                                                                                                                                           quotes
   45:60   error    Strings must use singlequote                                                                                                                                           quotes
   45:76   error    Strings must use singlequote                                                                                                                                           quotes
   45:87   error    Strings must use singlequote                                                                                                                                           quotes
   45:102  error    Strings must use singlequote                                                                                                                                           quotes
   45:113  error    Strings must use singlequote                                                                                                                                           quotes
   45:129  error    Strings must use singlequote                                                                                                                                           quotes
   45:143  error    Strings must use singlequote                                                                                                                                           quotes
   45:160  error    Strings must use singlequote                                                                                                                                           quotes
   45:173  error    Strings must use singlequote                                                                                                                                           quotes
   45:185  error    Strings must use singlequote                                                                                                                                           quotes
   45:209  error    Strings must use singlequote                                                                                                                                           quotes
   45:222  error    Strings must use singlequote                                                                                                                                           quotes
   45:239  error    Strings must use singlequote                                                                                                                                           quotes
   45:255  error    Strings must use singlequote                                                                                                                                           quotes
   45:268  error    Strings must use singlequote                                                                                                                                           quotes
   46:5    error    Unexpected var, use let or const instead                                                                                                                               no-var
   46:5    error    All 'var' declarations must be at the top of the function scope                                                                                                        vars-on-top
   46:21   error    Strings must use singlequote                                                                                                                                           quotes
   46:30   error    Strings must use singlequote                                                                                                                                           quotes
   46:41   error    Strings must use singlequote                                                                                                                                           quotes
   47:5    error    All 'var' declarations must be at the top of the function scope                                                                                                        vars-on-top
   47:5    error    Unexpected var, use let or const instead                                                                                                                               no-var
   47:21   error    Strings must use singlequote                                                                                                                                           quotes
   47:42   error    Strings must use singlequote                                                                                                                                           quotes
   48:5    error    All 'var' declarations must be at the top of the function scope                                                                                                        vars-on-top
   48:5    error    Unexpected var, use let or const instead                                                                                                                               no-var
   48:23   error    Strings must use singlequote                                                                                                                                           quotes
   48:33   error    Strings must use singlequote                                                                                                                                           quotes
   48:49   error    Strings must use singlequote                                                                                                                                           quotes
   48:65   error    Strings must use singlequote                                                                                                                                           quotes
   50:5    error    Unexpected var, use let or const instead                                                                                                                               no-var
   50:5    error    All 'var' declarations must be at the top of the function scope                                                                                                        vars-on-top
   51:52   error    Missing space before opening brace                                                                                                                                     space-before-blocks
   54:5    error    All 'var' declarations must be at the top of the function scope                                                                                                        vars-on-top
   54:5    error    Unexpected var, use let or const instead                                                                                                                               no-var
   55:22   error    Missing space before opening brace                                                                                                                                     space-before-blocks
   58:70   error    Missing space before opening brace                                                                                                                                     space-before-blocks
   59:20   error    A space is required after ','                                                                                                                                          comma-spacing
   59:22   error    A space is required after ','                                                                                                                                          comma-spacing
   63:21   warning  Unexpected unnamed function                                                                                                                                            func-names
   63:21   error    Unexpected function expression                                                                                                                                         prefer-arrow-callback
   63:29   error    Missing space before function parentheses                                                                                                                              space-before-function-paren
   65:19   error    Unexpected string concatenation                                                                                                                                        prefer-template
   65:23   error    Infix operators must be spaced                                                                                                                                         space-infix-ops
   68:22   warning  Unexpected unnamed function                                                                                                                                            func-names
   68:22   error    Unexpected function expression                                                                                                                                         prefer-arrow-callback
   68:30   error    Missing space before function parentheses                                                                                                                              space-before-function-paren
   70:9    error    All 'var' declarations must be at the top of the function scope                                                                                                        vars-on-top
   70:9    error    Unexpected var, use let or const instead                                                                                                                               no-var
   72:26   error    Strings must use singlequote                                                                                                                                           quotes
   74:19   error    Unexpected string concatenation                                                                                                                                        prefer-template
   74:23   error    Infix operators must be spaced                                                                                                                                         space-infix-ops
   74:28   error    Multiple spaces found before 'grunt'                                                                                                                                   no-multi-spaces
   77:22   warning  Unexpected unnamed function                                                                                                                                            func-names
   77:22   error    Unexpected function expression                                                                                                                                         prefer-arrow-callback
   77:30   error    Missing space before function parentheses                                                                                                                              space-before-function-paren
   79:19   error    Unexpected string concatenation                                                                                                                                        prefer-template
   79:23   error    Infix operators must be spaced                                                                                                                                         space-infix-ops
   84:24   error    Unexpected function expression                                                                                                                                         prefer-arrow-callback
   84:24   warning  Unexpected unnamed function                                                                                                                                            func-names
   84:32   error    Missing space before function parentheses                                                                                                                              space-before-function-paren
   85:7    error    Move the invocation into the parens that contain the function                                                                                                          wrap-iife
   85:38   error    'args' is already declared in the upper scope                                                                                                                          no-shadow
   86:37   error    Missing space before opening brace                                                                                                                                     space-before-blocks
   87:11   error    Assignment to function parameter 'obj'                                                                                                                                 no-param-reassign
   89:9    error    for..in loops iterate over the entire prototype chain, which is virtually never what you want. Use Object.{keys,values,entries}, and iterate over the resulting array  no-restricted-syntax
   89:9    error    The body of a for-in should be wrapped in an if statement to filter unwanted properties from the prototype                                                             guard-for-in
   89:14   error    Unexpected var, use let or const instead                                                                                                                               no-var
   89:14   error    All 'var' declarations must be at the top of the function scope                                                                                                        vars-on-top
   90:11   error    Unexpected var, use let or const instead                                                                                                                               no-var
   90:11   error    All 'var' declarations must be at the top of the function scope                                                                                                        vars-on-top
   91:11   error    Unexpected var, use let or const instead                                                                                                                               no-var
   91:11   error    All 'var' declarations must be at the top of the function scope                                                                                                        vars-on-top
   92:24   error    Strings must use singlequote                                                                                                                                           quotes
   95:20   error    All 'var' declarations must be at the top of the function scope                                                                                                        vars-on-top
   95:20   error    Unexpected var, use let or const instead                                                                                                                               no-var
   95:25   error    Infix operators must be spaced                                                                                                                                         space-infix-ops
   95:27   error    Missing whitespace after semicolon                                                                                                                                     semi-spacing
   95:29   error    Infix operators must be spaced                                                                                                                                         space-infix-ops
   95:40   error    Missing whitespace after semicolon                                                                                                                                     semi-spacing
   95:41   error    Unary operator '++' used                                                                                                                                               no-plusplus
   96:27   error    Unexpected string concatenation                                                                                                                                        prefer-template
   96:33   error    Infix operators must be spaced                                                                                                                                         space-infix-ops
   96:34   error    Strings must use singlequote                                                                                                                                           quotes
   96:37   error    Infix operators must be spaced                                                                                                                                         space-infix-ops
  100:23   error    Unexpected string concatenation                                                                                                                                        prefer-template
  100:29   error    Infix operators must be spaced                                                                                                                                         space-infix-ops
  100:30   error    Strings must use singlequote                                                                                                                                           quotes
  100:33   error    Infix operators must be spaced                                                                                                                                         space-infix-ops
  102:31   error    Strings must use singlequote                                                                                                                                           quotes
  102:55   error    Strings must use singlequote                                                                                                                                           quotes
  104:31   error    Strings must use singlequote                                                                                                                                           quotes
  106:2    error    Mixed spaces and tabs                                                                                                                                                  no-mixed-spaces-and-tabs
  106:2    error    Unexpected tab character                                                                                                                                               no-tabs
  107:2    error    Unexpected tab character                                                                                                                                               no-tabs
  107:3    error    Expected indentation of 6 spaces but found 2 tabs                                                                                                                      indent
  107:13   error    Unexpected string concatenation                                                                                                                                        prefer-template
  107:19   error    Infix operators must be spaced                                                                                                                                         space-infix-ops
  107:20   error    Strings must use singlequote                                                                                                                                           quotes
  107:23   error    Infix operators must be spaced                                                                                                                                         space-infix-ops
  108:2    error    Unexpected tab character                                                                                                                                               no-tabs
  108:2    error    Mixed spaces and tabs                                                                                                                                                  no-mixed-spaces-and-tabs
  109:2    error    Unexpected tab character                                                                                                                                               no-tabs
  109:3    error    Expected indentation of 6 spaces but found 2 tabs                                                                                                                      indent
  109:13   error    Unexpected string concatenation                                                                                                                                        prefer-template
  109:13   error    Strings must use singlequote                                                                                                                                           quotes
  109:19   error    Infix operators must be spaced                                                                                                                                         space-infix-ops
  109:39   error    Infix operators must be spaced                                                                                                                                         space-infix-ops
  109:40   error    Strings must use singlequote                                                                                                                                           quotes
  109:43   error    Infix operators must be spaced                                                                                                                                         space-infix-ops
  110:2    error    Mixed spaces and tabs                                                                                                                                                  no-mixed-spaces-and-tabs
  110:2    error    Unexpected tab character                                                                                                                                               no-tabs
  113:23   error    Unexpected string concatenation                                                                                                                                        prefer-template
  113:29   error    Infix operators must be spaced                                                                                                                                         space-infix-ops
  113:30   error    Strings must use singlequote                                                                                                                                           quotes
  113:33   error    Infix operators must be spaced                                                                                                                                         space-infix-ops
  116:10   error    Unexpected string concatenation                                                                                                                                        prefer-template
  116:10   error    Strings must use singlequote                                                                                                                                           quotes
  121:5    error    Unexpected var, use let or const instead                                                                                                                               no-var
  121:5    error    All 'var' declarations must be at the top of the function scope                                                                                                        vars-on-top
  122:5    error    Unexpected var, use let or const instead                                                                                                                               no-var
  122:5    error    All 'var' declarations must be at the top of the function scope                                                                                                        vars-on-top
  122:27   warning  Unexpected unnamed function                                                                                                                                            func-names
  122:35   error    Missing space before function parentheses                                                                                                                              space-before-function-paren
  122:37   error    Missing space before opening brace                                                                                                                                     space-before-blocks
  123:29   error    Unexpected string concatenation                                                                                                                                        prefer-template
  123:29   error    Strings must use singlequote                                                                                                                                           quotes
  123:71   error    Strings must use singlequote                                                                                                                                           quotes
  124:7    error    Unexpected var, use let or const instead                                                                                                                               no-var
  124:7    error    All 'var' declarations must be at the top of the function scope                                                                                                        vars-on-top
  125:11   error    Expected indentation of 8 spaces but found 10                                                                                                                          indent
  126:11   error    Expected property shorthand                                                                                                                                            object-shorthand
  126:11   error    Expected indentation of 8 spaces but found 10                                                                                                                          indent
  127:11   error    Expected indentation of 8 spaces but found 10                                                                                                                          indent
  128:19   error    Missing space before value for key 'stdio'                                                                                                                             key-spacing
  130:9    error    Expected indentation of 6 spaces but found 8                                                                                                                           indent
  131:9    error    Unexpected function expression                                                                                                                                         prefer-arrow-callback
  131:9    warning  Unexpected unnamed function                                                                                                                                            func-names
  131:17   error    Missing space before function parentheses                                                                                                                              space-before-function-paren
  134:13   error    Expected space(s) after "if"                                                                                                                                           keyword-spacing
  136:31   error    Strings must use singlequote                                                                                                                                           quotes
  140:26   error    Unexpected string concatenation                                                                                                                                        prefer-template
  140:71   error    Infix operators must be spaced                                                                                                                                         space-infix-ops
  149:7    error    Closing curly brace does not appear on the same line as the subsequent block                                                                                           brace-style
  151:25   error    Strings must use singlequote                                                                                                                                           quotes
  157:76   error    Block must not be padded by blank lines                                                                                                                                padded-blocks
  159:27   error    Strings must use singlequote                                                                                                                                           quotes
  159:27   error    Unexpected string concatenation                                                                                                                                        prefer-template
  165:26   warning  Unexpected unnamed function                                                                                                                                            func-names
  168:13   error    Closing curly brace does not appear on the same line as the subsequent block                                                                                           brace-style
  170:25   error    Unexpected string concatenation                                                                                                                                        prefer-template
  179:25   error    Unexpected string concatenation                                                                                                                                        prefer-template
  192:1    error    Block must not be padded by blank lines                                                                                                                                padded-blocks

C:\Users\tcorreia\my-jambabot\integrations\ifood\specs\001_Login.js
  27:5  error  Expected exception block, space or tab after '/*' in comment  spaced-comment

C:\Users\tcorreia\my-jambabot\integrations\mongodb\Dish.js
   9:40  error  Block must not be padded by blank lines  padded-blocks
  10:1   error  Trailing spaces not allowed              no-trailing-spaces
  10:2   error  Unexpected tab character                 no-tabs
  10:2   error  Mixed spaces and tabs                    no-mixed-spaces-and-tabs
  11:31  error  Trailing spaces not allowed              no-trailing-spaces
  11:32  error  Unexpected tab character                 no-tabs

C:\Users\tcorreia\my-jambabot\integrations\mongodb\index.js
  7:27  error  Unable to resolve path to module '../../variables'  import/no-unresolved

✖ 198 problems (189 errors, 9 warnings)

